#,,,,"generated_by='OpenQuake engine 3.17.0-gitf1009dac08', start_date='2023-06-19T16:55:51', checksum=99775379, kind='mean', investigation_time=1.0, imt='PGA'"
lon,lat,depth,poe-0.0050000,poe-3.0000000
29.90000,31.20000,0.00000,4.847812E-04,0.000000E+00
