#,,,,,,"generated_by='OpenQuake engine 3.17.0-gitf1009dac08', start_date='2023-06-19T16:55:43', checksum=2968949892, kind='rlz-000', investigation_time=1.0, imt='PGA'"
lon,lat,depth,poe-0.1000000,poe-0.4000000,poe-0.6000000,poe-1.0000000
0.00000,0.00000,0.00000,9.480232E-02,1.232433E-02,2.253950E-03,0.000000E+00
