#,,,,,,,,,,,,"generated_by='OpenQuake engine 3.17.0-gitf1009dac08', start_date='2023-06-19T16:55:41', checksum=2407757168, kind='rlz-000', investigation_time=1.0, imt='SA(0.5)'"
lon,lat,depth,poe-0.0010000,poe-0.0021544,poe-0.0046416,poe-0.0100000,poe-0.0215443,poe-0.0464159,poe-0.1000000,poe-0.2154435,poe-0.4641589,poe-1.0000000
-65.13490,0.00000,0.00000,1.591450E-02,1.591450E-02,1.591450E-02,1.591212E-02,1.576805E-02,1.377314E-02,7.022500E-03,1.279533E-03,6.270409E-05,7.152557E-07
