#,,,,,,,,,,,,"generated_by='OpenQuake engine 3.17.0-gitf1009dac08', start_date='2023-06-19T16:55:41', checksum=2407757168, kind='rlz-002', investigation_time=1.0, imt='PGA'"
lon,lat,depth,poe-0.0010000,poe-0.0021544,poe-0.0046416,poe-0.0100000,poe-0.0215443,poe-0.0464159,poe-0.1000000,poe-0.2154435,poe-0.4641589,poe-1.0000000
-65.13490,0.00000,0.00000,1.591450E-02,1.591444E-02,1.591080E-02,1.583207E-02,1.508945E-02,1.201892E-02,6.411076E-03,1.881182E-03,2.690554E-04,1.758337E-05
