#,,,"generated_by='OpenQuake engine 3.17.0-gitf1009dac08', start_date='2023-06-19T16:55:57', checksum=3385863026, kind='mean', investigation_time=50.0, imt='PGA'"
lon,lat,depth,poe-1.0900000
0.50000,-0.50000,0.00000,1.755953E-04
