#,,,"generated_by='OpenQuake engine 3.17.0-gitf1009dac08', start_date='2023-06-19T16:55:39', checksum=464579020, kind='mean', investigation_time=1.0, imt='PGA'"
lon,lat,depth,poe-0.1200000
0.00000,0.00000,0.00000,6.362628E-01
