#,,,,,,,,,,,,,,"generated_by='OpenQuake engine 3.17.0-gitf1009dac08', start_date='2023-06-19T16:54:32', checksum=2967670219, kind='mean', investigation_time=1.0, imt='SA(0.2)'"
lon,lat,depth,poe-0.0010197,poe-0.0101972,poe-0.0178450,poe-0.0305915,poe-0.0611830,poe-0.1019720,poe-0.1784500,poe-0.3059150,poe-0.6118300,poe-1.0197200,poe-1.7845000,poe-2.3963300
-123.23738,49.27479,0.00000,3.416787E-02,3.088939E-03,9.728885E-04,2.143526E-04,1.340866E-05,6.389618E-07,0.000000E+00,0.000000E+00,0.000000E+00,0.000000E+00,0.000000E+00,0.000000E+00
-123.23282,49.26162,0.00000,3.388316E-02,3.007650E-03,9.385800E-04,2.044725E-04,1.254320E-05,5.817413E-07,0.000000E+00,0.000000E+00,0.000000E+00,0.000000E+00,0.000000E+00,0.000000E+00
-123.20480,49.26786,0.00000,3.389309E-02,3.010569E-03,9.398747E-04,2.047062E-04,1.254320E-05,5.817413E-07,0.000000E+00,0.000000E+00,0.000000E+00,0.000000E+00,0.000000E+00,0.000000E+00
