#,,,,,,,,,,,,,,"generated_by='OpenQuake engine 3.17.0-gitf1009dac08', start_date='2023-06-19T16:54:32', checksum=2967670219, kind='mean', investigation_time=1.0, imt='SA(1.0)'"
lon,lat,depth,poe-0.0010197,poe-0.0101972,poe-0.0178450,poe-0.0305915,poe-0.0611830,poe-0.1019720,poe-0.1784500,poe-0.3059150,poe-0.6118300,poe-1.0197200,poe-1.7845000,poe-2.3963300
-123.23738,49.27479,0.00000,2.303133E-02,3.037794E-03,1.320047E-03,4.596138E-04,7.136822E-05,1.083612E-05,6.484985E-07,0.000000E+00,0.000000E+00,0.000000E+00,0.000000E+00,0.000000E+00
-123.23282,49.26162,0.00000,2.290979E-02,3.006799E-03,1.303060E-03,4.520488E-04,6.970644E-05,1.053810E-05,6.103515E-07,0.000000E+00,0.000000E+00,0.000000E+00,0.000000E+00,0.000000E+00
-123.20480,49.26786,0.00000,2.291416E-02,3.007989E-03,1.303501E-03,4.522967E-04,6.976604E-05,1.054764E-05,6.103515E-07,0.000000E+00,0.000000E+00,0.000000E+00,0.000000E+00,0.000000E+00
