#,,,,,,,,,,,,,,"generated_by='OpenQuake engine 3.17.0-gitf1009dac08', start_date='2023-06-19T16:54:32', checksum=2967670219, kind='mean', investigation_time=1.0, imt='PGA'"
lon,lat,depth,poe-0.0010197,poe-0.0101972,poe-0.0178450,poe-0.0305915,poe-0.0611830,poe-0.1019720,poe-0.1784500,poe-0.3059150,poe-0.6118300,poe-1.0197200,poe-1.7845000,poe-2.3963300
-123.23738,49.27479,0.00000,1.265108E-02,2.833915E-04,4.838228E-05,4.777909E-06,2.861023E-08,0.000000E+00,0.000000E+00,0.000000E+00,0.000000E+00,0.000000E+00,0.000000E+00,0.000000E+00
-123.23282,49.26162,0.00000,1.243680E-02,2.707982E-04,4.556417E-05,4.482269E-06,2.861023E-08,0.000000E+00,0.000000E+00,0.000000E+00,0.000000E+00,0.000000E+00,0.000000E+00,0.000000E+00
-123.20480,49.26786,0.00000,1.244444E-02,2.712202E-04,4.566193E-05,4.491806E-06,2.861023E-08,0.000000E+00,0.000000E+00,0.000000E+00,0.000000E+00,0.000000E+00,0.000000E+00,0.000000E+00
