#,,,,,,,,,,,,"generated_by='OpenQuake engine 3.17.0-gitf1009dac08', start_date='2023-06-19T16:55:41', checksum=1499595557, kind='rlz-000', investigation_time=1.0, imt='PGA'"
lon,lat,depth,poe-0.0010000,poe-0.0021544,poe-0.0046416,poe-0.0100000,poe-0.0215443,poe-0.0464159,poe-0.1000000,poe-0.2154435,poe-0.4641589,poe-1.0000000
-65.13490,0.00000,0.00000,1.591450E-02,1.591450E-02,1.591450E-02,1.591331E-02,1.579666E-02,1.372474E-02,6.352842E-03,8.651018E-04,2.509356E-05,1.192093E-07
