#,,,,,,,,,,,,"generated_by='OpenQuake engine 3.17.0-gitf1009dac08', start_date='2023-06-19T16:55:41', checksum=1499595557, kind='rlz-003', investigation_time=1.0, imt='SA(0.5)'"
lon,lat,depth,poe-0.0010000,poe-0.0021544,poe-0.0046416,poe-0.0100000,poe-0.0215443,poe-0.0464159,poe-0.1000000,poe-0.2154435,poe-0.4641589,poe-1.0000000
-65.13490,0.00000,0.00000,1.591450E-02,1.591450E-02,1.591343E-02,1.588517E-02,1.554650E-02,1.369393E-02,9.040117E-03,3.651679E-03,7.819533E-04,8.189678E-05
