#,,,,,,,,,,,,,,,,,"generated_by='OpenQuake engine 3.17.0-gitf1009dac08', start_date='2023-06-19T16:55:10', checksum=644477440, kind='mean', investigation_time=50.0, imt='PGA'"
lon,lat,depth,poe-0.0050000,poe-0.0070000,poe-0.0098000,poe-0.0137000,poe-0.0192000,poe-0.0269000,poe-0.0376000,poe-0.0527000,poe-0.0738000,poe-0.1030000,poe-0.1450000,poe-0.2030000,poe-0.2840000,poe-0.3970000,poe-0.5560000
0.50000,-0.50000,0.00000,1.000000E+00,1.000000E+00,1.000000E+00,1.000000E+00,1.000000E+00,1.000000E+00,9.981815E-01,9.803632E-01,8.924286E-01,6.854155E-01,4.137294E-01,2.022108E-01,8.274376E-02,2.918204E-02,8.890934E-03
