#,,,,,,,,,,,"generated_by='OpenQuake engine 3.17.0-gitf1009dac08', start_date='2023-06-19T16:56:58', checksum=583594601, kind='mean', investigation_time=50.0, imt='MMI'"
lon,lat,depth,poe-4.0000000,poe-5.0000000,poe-6.0000000,poe-7.0000000,poe-8.0000000,poe-9.0000000,poe-10.0000000,poe-11.0000000,poe-12.0000000
69.24415,41.30912,0.00000,2.809511E-02,3.962040E-04,0.000000E+00,0.000000E+00,0.000000E+00,0.000000E+00,0.000000E+00,0.000000E+00,0.000000E+00
