#,,,,,"generated_by='OpenQuake engine 3.17.0-gitf1009dac08', start_date='2023-06-19T16:55:55', checksum=107026181, kind='mean', investigation_time=50.0, imt='PGA'"
lon,lat,depth,poe-0.0050000,poe-0.0070000,poe-0.0098000
0.00000,0.00000,0.00000,2.811714E-01,2.784228E-01,2.709089E-01
