#,,,,,,"generated_by='OpenQuake engine 3.17.0-gitf1009dac08', start_date='2023-06-19T16:56:10', checksum=1267858049, kind='rlz-016', investigation_time=1.0, imt='PGA'"
lon,lat,depth,poe-0.0100000,poe-0.1000000,poe-0.3000000,poe-1.0000000
-64.91005,0.00000,0.00000,8.557676E-02,7.259669E-02,5.037826E-02,1.048684E-03
