#,,,,,"generated_by='OpenQuake engine 3.17.0-gitf1009dac08', start_date='2023-06-19T16:54:36', checksum=3614808023, kind='mean', investigation_time=50.0, imt='PGA'"
lon,lat,depth,poe-0.0100000,poe-0.1000000,poe-0.3000000
15.00000,37.70000,-2.01300,8.550644E-03,0.000000E+00,0.000000E+00
15.00000,37.80000,-2.09500,2.061189E-01,1.124740E-04,0.000000E+00
15.10000,37.70000,-0.67800,1.498866E-02,0.000000E+00,0.000000E+00
15.10000,37.80000,-1.09100,6.578314E-01,4.599512E-03,0.000000E+00
15.20000,37.70000,-0.03600,2.875268E-03,0.000000E+00,0.000000E+00
15.20000,37.80000,-0.10300,5.078924E-02,0.000000E+00,0.000000E+00
