#,,,,,,,,,,,"generated_by='OpenQuake engine 3.17.0-gitf1009dac08', start_date='2023-06-19T16:54:44', checksum=2461163491, kind='mean', investigation_time=1.0, imt='PGA'"
custom_site_id,lon,lat,depth,poe-0.0100000,poe-0.0500000,poe-0.1000000,poe-0.2000000,poe-0.3000000,poe-0.5000000,poe-0.7500000,poe-1.0000000
1001,-65.28146,0.00000,0.00000,9.950125E-03,9.843003E-03,9.131722E-03,6.815418E-03,4.776558E-03,2.345574E-03,1.047429E-03,5.133667E-04
1002,-64.38200,0.00000,0.00000,9.916112E-03,7.234748E-03,3.798420E-03,1.132722E-03,4.106713E-04,8.078757E-05,1.669193E-05,4.646183E-06
