#,,,,,"generated_by='OpenQuake engine 3.17.0-gitf1009dac08', start_date='2023-06-19T16:55:42', checksum=2329454136, kind='mean', investigation_time=50.0, imt='PGA'"
lon,lat,depth,poe-0.1000000,poe-0.2000000,poe-0.4000000
172.63000,-43.53000,0.00000,3.411071E-03,9.489906E-04,3.994913E-05
171.69000,-43.52000,0.00000,4.791108E-03,2.411177E-03,2.234497E-04
