#,,,,,,,,,,,,"generated_by='OpenQuake engine 3.17.0-gitf1009dac08', start_date='2023-06-19T16:55:41', checksum=2350957711, kind='mean', investigation_time=50.0, imt='PGA'"
lon,lat,depth,poe-0.0050000,poe-0.0097978,poe-0.0191992,poe-0.0376218,poe-0.0737219,poe-0.1444618,poe-0.2830804,poe-0.5547105,poe-1.0869836,poe-2.1300000
-1.00325,0.70283,0.00000,9.194924E-01,5.050157E-01,1.211859E-01,1.187491E-02,2.316236E-04,0.000000E+00,0.000000E+00,0.000000E+00,0.000000E+00,0.000000E+00
-1.00181,-1.99514,0.00000,4.449188E-01,1.367735E-01,2.071100E-02,1.036584E-03,0.000000E+00,0.000000E+00,0.000000E+00,0.000000E+00,0.000000E+00,0.000000E+00
1.69492,0.70283,0.00000,1.322592E-01,3.474921E-02,4.808307E-03,1.937151E-04,0.000000E+00,0.000000E+00,0.000000E+00,0.000000E+00,0.000000E+00,0.000000E+00
1.69779,-1.99514,0.00000,0.000000E+00,0.000000E+00,0.000000E+00,0.000000E+00,0.000000E+00,0.000000E+00,0.000000E+00,0.000000E+00,0.000000E+00,0.000000E+00
