#,,,,,,,,,,,,"generated_by='OpenQuake engine 3.17.0-gitf378052308', start_date='2023-06-19T17:05:41', checksum=2350957711, kind='mean', investigation_time=50.0, imt='SA(2.0)'"
lon,lat,depth,poe-0.0050000,poe-0.0097978,poe-0.0191992,poe-0.0376218,poe-0.0737219,poe-0.1444618,poe-0.2830804,poe-0.5547105,poe-1.0869836,poe-2.1300000
-1.00325,0.70283,0.00000,5.677950E-01,2.428392E-01,5.964124E-02,7.209420E-03,1.907945E-04,0.000000E+00,0.000000E+00,0.000000E+00,0.000000E+00,0.000000E+00
-1.00181,-1.99514,0.00000,2.473335E-01,8.622646E-02,1.761127E-02,1.645684E-03,0.000000E+00,0.000000E+00,0.000000E+00,0.000000E+00,0.000000E+00,0.000000E+00
1.69492,0.70283,0.00000,7.125640E-02,2.351439E-02,4.639149E-03,4.051328E-04,0.000000E+00,0.000000E+00,0.000000E+00,0.000000E+00,0.000000E+00,0.000000E+00
1.69779,-1.99514,0.00000,0.000000E+00,0.000000E+00,0.000000E+00,0.000000E+00,0.000000E+00,0.000000E+00,0.000000E+00,0.000000E+00,0.000000E+00,0.000000E+00
