#,,,,"generated_by='OpenQuake engine 3.17.0-gitf378052308', start_date='2023-06-19T17:05:41', checksum=2350957711, kind='mean', investigation_time=50.0"
lon,lat,0.100000~PGA,0.100000~SA(0.2),0.100000~SA(2.0)
-1.00325,0.70283,2.029787E-02,4.135826E-02,1.498795E-02
-1.00181,-1.99514,1.095455E-02,2.181273E-02,8.913328E-03
1.69492,0.70283,5.755507E-03,1.120122E-02,0.000000E+00
1.69779,-1.99514,0.000000E+00,0.000000E+00,0.000000E+00
