#,,,,,,,,,,,,"generated_by='OpenQuake engine 3.17.0-gitf1009dac08', start_date='2023-06-19T16:56:11', checksum=2571871438, kind='mean', investigation_time=1.0, imt='PGA'"
lon,lat,depth,poe-0.0050000,poe-0.0097294,poe-0.0189324,poe-0.0368403,poe-0.0716871,poe-0.1394951,poe-0.2714418,poe-0.5281952,poe-1.0278085,poe-2.0000000
-180.00000,-27.00000,0.00000,8.913875E-05,3.600121E-05,1.116097E-05,2.279878E-06,3.874302E-07,0.000000E+00,0.000000E+00,0.000000E+00,0.000000E+00,0.000000E+00
-178.00000,-28.00000,0.00000,3.773999E-01,2.691890E-01,1.591806E-01,7.388394E-02,2.553211E-02,6.105192E-03,8.668542E-04,5.761266E-05,1.195669E-06,0.000000E+00
179.00000,-26.00000,0.00000,1.427680E-04,5.552173E-05,1.683831E-05,3.531575E-06,5.066395E-07,0.000000E+00,0.000000E+00,0.000000E+00,0.000000E+00,0.000000E+00
-180.00000,-30.00000,0.00000,2.375928E-01,1.376133E-01,6.336257E-02,2.167993E-02,4.760839E-03,5.822827E-04,3.419191E-05,6.556511E-07,0.000000E+00,0.000000E+00
-180.00000,-28.00000,0.00000,7.442072E-02,3.481222E-02,1.252266E-02,3.277816E-03,5.215477E-04,3.359258E-05,0.000000E+00,0.000000E+00,0.000000E+00,0.000000E+00
