#,,,,,,,,,,,,"generated_by='OpenQuake engine 3.17.0-gitf1009dac08', start_date='2023-06-19T16:56:11', checksum=2571871438, kind='mean', investigation_time=1.0, imt='SA(1.0)'"
lon,lat,depth,poe-0.0050000,poe-0.0097294,poe-0.0189324,poe-0.0368403,poe-0.0716871,poe-0.1394951,poe-0.2714418,poe-0.5281952,poe-1.0278085,poe-2.0000000
-180.00000,-27.00000,0.00000,6.021559E-05,2.078712E-05,4.902482E-06,4.768372E-07,0.000000E+00,0.000000E+00,0.000000E+00,0.000000E+00,0.000000E+00,0.000000E+00
-178.00000,-28.00000,0.00000,3.191692E-01,2.069356E-01,1.105094E-01,4.794207E-02,1.676534E-02,4.559581E-03,8.815884E-04,1.057208E-04,4.738569E-06,0.000000E+00
179.00000,-26.00000,0.00000,9.383261E-05,3.384054E-05,9.194016E-06,1.505017E-06,0.000000E+00,0.000000E+00,0.000000E+00,0.000000E+00,0.000000E+00,0.000000E+00
-180.00000,-30.00000,0.00000,2.056813E-01,1.181720E-01,5.687407E-02,2.186546E-02,6.321878E-03,1.337264E-03,2.008897E-04,1.807807E-05,1.430512E-07,0.000000E+00
-180.00000,-28.00000,0.00000,6.938076E-02,3.519588E-02,1.490068E-02,5.284325E-03,1.531021E-03,3.391546E-04,5.029440E-05,3.528595E-06,0.000000E+00,0.000000E+00
