#,,,,,,,,,,,,,,,,,,,,,"generated_by='OpenQuake engine 3.17.0-gitf1009dac08', start_date='2023-06-19T16:54:36', checksum=3868232975, kind='rlz-000', investigation_time=50.0, imt='SA(1.0)'"
lon,lat,depth,poe-0.0050000,poe-0.0070000,poe-0.0098000,poe-0.0137000,poe-0.0192000,poe-0.0269000,poe-0.0376000,poe-0.0527000,poe-0.0738000,poe-0.1030000,poe-0.1450000,poe-0.2030000,poe-0.2840000,poe-0.3970000,poe-0.5560000,poe-0.7780000,poe-1.0900000,poe-1.5200000,poe-2.1300000
0.00000,0.00000,0.00000,6.438578E-01,6.054869E-01,5.512596E-01,4.849757E-01,4.130909E-01,3.440605E-01,2.827094E-01,2.280143E-01,1.781785E-01,1.322679E-01,9.028280E-02,5.679154E-02,3.257012E-02,1.691616E-02,7.785439E-03,3.139675E-03,1.062989E-03,2.949834E-04,5.459785E-05
