#,,,,,,"generated_by='OpenQuake engine 3.17.0-gitf1009dac08', start_date='2023-06-19T16:54:44', checksum=3267803111, kind='mean', investigation_time=50.0, imt='PGA'"
lon,lat,depth,poe-0.0100000,poe-0.1000000,poe-0.2000000,poe-0.5000000
172.63000,-43.53000,0.00000,5.934715E-03,5.367070E-03,2.156317E-03,3.921986E-05
171.69000,-43.52000,0.00000,5.934715E-03,5.827636E-03,4.423797E-03,6.098151E-04
