#,,,,,,"generated_by='OpenQuake engine 3.17.0-gitf1009dac08', start_date='2023-06-19T16:54:44', checksum=3267803111, kind='quantile-0.84', investigation_time=50.0, imt='PGA'"
lon,lat,depth,poe-0.0100000,poe-0.1000000,poe-0.2000000,poe-0.5000000
172.63000,-43.53000,0.00000,5.934715E-03,5.396414E-03,2.314975E-03,5.233050E-05
171.69000,-43.52000,0.00000,5.934715E-03,5.848975E-03,4.522460E-03,6.219601E-04
