#,,,,,,,"generated_by='OpenQuake engine 3.17.0-gitf1009dac08', start_date='2023-06-19T16:56:11', checksum=3211637346, kind='rlz-003', investigation_time=50.0"
custom_site_id,lon,lat,0.000050~PGA,0.000050~SA(0.05),0.000050~SA(0.1),0.000050~SA(0.2),0.000050~SA(0.5)
IT0001,6.00000,32.50000,3.981706E-02,7.603332E-02,8.445784E-02,8.123694E-02,5.621566E-02
IT0002,7.50000,36.00000,0.000000E+00,0.000000E+00,0.000000E+00,0.000000E+00,0.000000E+00
