#,,,,,"generated_by='OpenQuake engine 3.17.0-gitf1009dac08', start_date='2023-06-19T16:54:31', checksum=2107362341, kind='mean', investigation_time=1.0, imt='SA(0.1)'"
lon,lat,depth,poe-0.1000000,poe-0.4000000,poe-0.6000000
0.00000,0.00000,-0.10000,6.081918E-01,3.287217E-01,1.994702E-01
0.10000,0.00000,-0.10000,4.348205E-01,5.031639E-02,3.738344E-03
0.20000,0.00000,-0.10000,1.572770E-01,0.000000E+00,0.000000E+00
0.30000,0.00000,-0.10000,2.731794E-02,0.000000E+00,0.000000E+00
