#,,,,,,,,,,,,,,,,,,,,,,"generated_by='OpenQuake engine 3.17.0-gitf1009dac08', start_date='2023-06-19T16:55:03', checksum=3466821724, kind='mean', investigation_time=1.0, imt='PGA'"
lon,lat,depth,poe-0.0050000,poe-0.0068764,poe-0.0094569,poe-0.0130059,poe-0.0178867,poe-0.0245991,poe-0.0338306,poe-0.0465264,poe-0.0639867,poe-0.0879994,poe-0.1210235,poe-0.1664408,poe-0.2289021,poe-0.3148036,poe-0.4329420,poe-0.5954149,poe-0.8188600,poe-1.1261588,poe-1.5487796,poe-2.1300000
0.00000,0.00000,0.00000,9.578466E-04,9.277463E-04,8.803606E-04,8.140206E-04,7.300377E-04,6.334782E-04,5.309582E-04,4.305840E-04,3.380179E-04,2.574921E-04,1.915693E-04,1.375675E-04,9.739399E-05,6.484985E-05,4.118681E-05,2.437830E-05,1.335144E-05,6.794930E-06,3.099442E-06,1.251698E-06
