#,,"generated_by='OpenQuake engine 3.17.0-gitf1009dac08', start_date='2023-06-19T16:54:45', checksum=527865115, kind='mean', investigation_time=1.0"
lon,lat,PGA-0.002105
-71.90000,-37.10000,3.181462E-02
