#,,,,,,,"generated_by='OpenQuake engine 3.17.0-gitf1009dac08', start_date='2023-06-19T16:56:59', checksum=2804428556, kind='mean', investigation_time=1.0"
lon,lat,0.001998~PGA,0.001998~SA(0.1),0.001998~SA(0.2),0.001998~SA(0.5),0.001998~SA(1.0),0.001998~SA(2.0)
0.00000,0.00000,2.252001E-01,6.733441E-01,6.222269E-01,2.412241E-01,9.176011E-02,4.331831E-02
