#,,,,"generated_by='OpenQuake engine 3.17.0-gitf1009dac08', start_date='2023-06-19T16:55:04', checksum=2399126367, kind='mean', investigation_time=1.0"
lon,lat,0.002105~PGA,0.002105~SA(0.21),0.002105~SA(1.057)
-77.61460,8.44480,0.000000E+00,1.080205E-01,0.000000E+00
-77.61470,8.44480,0.000000E+00,7.805195E-02,0.000000E+00
-77.61480,8.44480,0.000000E+00,9.235518E-02,0.000000E+00
