#,,,"generated_by='OpenQuake engine 3.17.0-gitf1009dac08', start_date='2023-06-19T16:55:38', checksum=4118237850, kind='rlz-000', investigation_time=1.0, imt='PGA'"
lon,lat,depth,poe-0.1200000
0.00000,0.00000,0.00000,6.070472E-01
