#,,,,,,,"generated_by='OpenQuake engine 3.17.0-gitf1009dac08', start_date='2023-06-19T16:58:10', checksum=1298315921, kind='mean', investigation_time=1.0"
lon,lat,0.001000~PGA,0.001000~SA(0.1),0.001000~SA(0.2),0.001000~SA(0.5),0.001000~SA(1.0),0.001000~SA(2.0)
0.00000,0.10000,9.353067E-03,1.775928E-02,2.242905E-02,1.407733E-02,6.439519E-03,0.000000E+00
