#,,,,,,,,,,,,,,,,,,,,,,"generated_by='OpenQuake engine 3.17.0-gitf1009dac08', start_date='2023-06-19T16:54:42', checksum=4153873090, kind='mean', investigation_time=50.0, imt='AvgSA'"
lon,lat,depth,poe-0.0050000,poe-0.0071083,poe-0.0101055,poe-0.0143666,poe-0.0204243,poe-0.0290363,poe-0.0412796,poe-0.0586853,poe-0.0834303,poe-0.1186091,poe-0.1686212,poe-0.2397211,poe-0.3408007,poe-0.4845011,poe-0.6887933,poe-0.9792265,poe-1.3921222,poe-1.9791175,poe-2.8136222,poe-4.0000000
13.24805,42.55304,0.00000,9.968579E-01,9.899381E-01,9.711794E-01,9.284157E-01,8.483219E-01,7.258474E-01,5.718961E-01,4.103865E-01,2.665230E-01,1.559575E-01,8.179963E-02,3.819829E-02,1.570570E-02,5.568266E-03,1.667321E-03,4.002452E-04,7.212162E-05,7.390976E-06,0.000000E+00,0.000000E+00
